TAP version 13
# Subtest: issue 131 - parenthesized pronunciation
    # Subtest: keeps parentheses out of formalized phrase links
    ok 1 - keeps parentheses out of formalized phrase links
      ---
      duration_ms: 17.642057
      ...
    1..1
ok 1 - issue 131 - parenthesized pronunciation
  ---
  duration_ms: 18.592545
  type: 'suite'
  ...
# Subtest: issue 131 - phrasal verbs and Russian grammar
    # Subtest: allows source-backed phrasal verbs ending in a preposition
    ok 1 - allows source-backed phrasal verbs ending in a preposition
      ---
      duration_ms: 2.419825
      ...
    # Subtest: falls back to one lexical phrase when sources miss a known phrasal verb
    ok 2 - falls back to one lexical phrase when sources miss a known phrasal verb
      ---
      duration_ms: 3.445938
      ...
    # Subtest: uses source-backed virtual overrides for known missing source data
    ok 3 - uses source-backed virtual overrides for known missing source data
      ---
      duration_ms: 3.576553
      ...
    # Subtest: preserves pronunciation punctuation and naturalizes the Russian grammar
    ok 4 - preserves pronunciation punctuation and naturalizes the Russian grammar
      ---
      duration_ms: 16.888421
      ...
    1..4
ok 2 - issue 131 - phrasal verbs and Russian grammar
  ---
  duration_ms: 26.64739
  type: 'suite'
  ...
# Subtest: issue 131 - linked article context translation
    # Subtest: collects linked Wikipedia article targets once per source URL
    ok 1 - collects linked Wikipedia article targets once per source URL
      ---
      duration_ms: 1.019723
      ...
    # Subtest: keeps recursive article translation behind the experimental flag
    ok 2 - keeps recursive article translation behind the experimental flag
      ---
      duration_ms: 0.40792
      ...
    # Subtest: translates bounded linked article summaries experimentally and caches them
    ok 3 - translates bounded linked article summaries experimentally and caches them
      ---
      duration_ms: 7.402399
      ...
    # Subtest: wires article context controls into the Translate UI
    ok 4 - wires article context controls into the Translate UI
      ---
      duration_ms: 0.608929
      ...
    1..4
ok 3 - issue 131 - linked article context translation
  ---
  duration_ms: 9.799259
  type: 'suite'
  ...
1..3
# tests 9
# suites 3
# pass 9
# fail 0
# cancelled 0
# skipped 0
# todo 0
# duration_ms 178.993186
