TAP version 13
# Subtest: issue 131 - parenthesized pronunciation and phrasal verbs
    # Subtest: keeps parentheses out of formalized phrase links
    ok 1 - keeps parentheses out of formalized phrase links
      ---
      duration_ms: 20.603117
      ...
    # Subtest: allows source-backed phrasal verbs ending in a preposition
    ok 2 - allows source-backed phrasal verbs ending in a preposition
      ---
      duration_ms: 3.497613
      ...
    # Subtest: falls back to one lexical phrase when sources miss a known phrasal verb
    ok 3 - falls back to one lexical phrase when sources miss a known phrasal verb
      ---
      duration_ms: 4.553931
      ...
    # Subtest: preserves pronunciation punctuation and naturalizes missing phrase data
    ok 4 - preserves pronunciation punctuation and naturalizes missing phrase data
      ---
      duration_ms: 18.973735
      ...
    1..4
ok 1 - issue 131 - parenthesized pronunciation and phrasal verbs
  ---
  duration_ms: 48.836219
  type: 'suite'
  ...
# Subtest: issue 35 — Hawaii translation through semantic phrases
    # Subtest: identifies Wikimedia calls, rejects grammar-fragment n-grams, and emits Russian
    ok 1 - identifies Wikimedia calls, rejects grammar-fragment n-grams, and emits Russian
      ---
      duration_ms: 29.714173
      ...
    # Subtest: round-trips the fixed sentence through Russian without semantic loss
    ok 2 - round-trips the fixed sentence through Russian without semantic loss
      ---
      duration_ms: 14.696898
      ...
    # Subtest: prefers the Wikidata state concept over a Wikipedia disambiguation page
    ok 3 - prefers the Wikidata state concept over a Wikipedia disambiguation page
      ---
      duration_ms: 7.059311
      ...
    1..3
ok 2 - issue 35 — Hawaii translation through semantic phrases
  ---
  duration_ms: 52.955521
  type: 'suite'
  ...
# Subtest: issue 56 - Translate slash terms and diagnostics
    # Subtest: splits slash-separated fallback terms before knowledge-source lookup
    ok 1 - splits slash-separated fallback terms before knowledge-source lookup
      ---
      duration_ms: 15.74316
      ...
    # Subtest: keeps reported technical prose slash terms separated during translation
    ok 2 - keeps reported technical prose slash terms separated during translation
      ---
      duration_ms: 52.766127
      ...
    # Subtest: uses source-backed Wiktionary translations for every supported target language
    ok 3 - uses source-backed Wiktionary translations for every supported target language
      ---
      duration_ms: 37.168825
      ...
    # Subtest: keeps linked Wikidata entities ahead of lexical Wiktionary translations
    ok 4 - keeps linked Wikidata entities ahead of lexical Wiktionary translations
      ---
      duration_ms: 4.072731
      ...
    # Subtest: covers issue-56 lexical translations through source fixtures for all supported targets
    ok 5 - covers issue-56 lexical translations through source fixtures for all supported targets
      ---
      duration_ms: 12.866214
      ...
    # Subtest: does not keep issue-56 vocabulary in the local fallback glossary
    ok 6 - does not keep issue-56 vocabulary in the local fallback glossary
      ---
      duration_ms: 20.784769
      ...
    # Subtest: keeps every generated question with selected actionable options
    ok 7 - keeps every generated question with selected actionable options
      ---
      duration_ms: 3.526356
      ...
    1..7
ok 3 - issue 56 - Translate slash terms and diagnostics
  ---
  duration_ms: 148.549395
  type: 'suite'
  ...
# Subtest: issue 56 - Translate UI diagnostics
    # Subtest: exposes source-priority controls and a copyable Translate debug log
    ok 1 - exposes source-priority controls and a copyable Translate debug log
      ---
      duration_ms: 9.163394
      ...
    1..1
ok 4 - issue 56 - Translate UI diagnostics
  ---
  duration_ms: 9.926995
  type: 'suite'
  ...
1..4
# tests 15
# suites 4
# pass 15
# fail 0
# cancelled 0
# skipped 0
# todo 0
# duration_ms 296.37696
