TAP version 13
# Subtest: issue 131 - parenthesized pronunciation and phrasal verbs
    # Subtest: keeps parentheses out of formalized phrase links
    not ok 1 - keeps parentheses out of formalized phrase links
      ---
      duration_ms: 17.670977
      location: '/tmp/gh-issue-solver-1780270830107/node_modules/test-anywhere/src/index.js:174:12'
      failureType: 'testCodeFailure'
      error: 'Expected ["California","(","ˌkælɪˈfɔːrniə",")","is","a","state","in","the","Western","United","States","that","lies","on","the","Pacific","Coast"] not to contain "("'
      code: 'ERR_TEST_FAILURE'
      stack: |-
        Object.toContain (file:///tmp/gh-issue-solver-1780270830107/node_modules/test-anywhere/src/index.js:452:17)
        TestContext.<anonymous> (file:///tmp/gh-issue-solver-1780270830107/js/tests/integration/issue-131.test.js:75:31)
        async Test.run (node:internal/test_runner/test:797:9)
        async Promise.all (index 0)
        async Suite.run (node:internal/test_runner/test:1135:7)
        async Test.processPendingSubtests (node:internal/test_runner/test:526:7)
      ...
    # Subtest: allows source-backed phrasal verbs ending in a preposition
    not ok 2 - allows source-backed phrasal verbs ending in a preposition
      ---
      duration_ms: 3.668969
      location: '/tmp/gh-issue-solver-1780270830107/node_modules/test-anywhere/src/index.js:174:12'
      failureType: 'testCodeFailure'
      error: 'Expected ["California","lies","Pacific","Coast","California lies","Pacific Coast"] to contain "lies on"'
      code: 'ERR_TEST_FAILURE'
      stack: |-
        Object.toContain (file:///tmp/gh-issue-solver-1780270830107/node_modules/test-anywhere/src/index.js:566:15)
        TestContext.<anonymous> (file:///tmp/gh-issue-solver-1780270830107/js/tests/integration/issue-131.test.js:119:19)
        async Test.run (node:internal/test_runner/test:797:9)
        async Suite.processPendingSubtests (node:internal/test_runner/test:526:7)
      ...
    # Subtest: preserves pronunciation punctuation and naturalizes missing phrase data
    not ok 3 - preserves pronunciation punctuation and naturalizes missing phrase data
      ---
      duration_ms: 14.463389
      location: '/tmp/gh-issue-solver-1780270830107/node_modules/test-anywhere/src/index.js:174:12'
      failureType: 'testCodeFailure'
      error: 'Expected "California (/ˌkælɪˈfɔːrniə/) это state в Western United States что lies на Pacific Coast." to contain "расположен на"'
      code: 'ERR_TEST_FAILURE'
      stack: |-
        Object.toContain (file:///tmp/gh-issue-solver-1780270830107/node_modules/test-anywhere/src/index.js:566:15)
        TestContext.<anonymous> (file:///tmp/gh-issue-solver-1780270830107/js/tests/integration/issue-131.test.js:140:30)
        async Test.run (node:internal/test_runner/test:797:9)
        async Suite.processPendingSubtests (node:internal/test_runner/test:526:7)
      ...
    1..3
not ok 1 - issue 131 - parenthesized pronunciation and phrasal verbs
  ---
  duration_ms: 36.804169
  type: 'suite'
  location: '/tmp/gh-issue-solver-1780270830107/node_modules/test-anywhere/src/index.js:205:12'
  failureType: 'subtestsFailed'
  error: '3 subtests failed'
  code: 'ERR_TEST_FAILURE'
  ...
1..1
# tests 3
# suites 1
# pass 0
# fail 3
# cancelled 0
# skipped 0
# todo 0
# duration_ms 141.691116
