TAP version 13
# Subtest: issue 133 - Translate defaults and state links
    # Subtest: keeps the source-backed Russian Wikipedia URL for Q35657
    ok 1 - keeps the source-backed Russian Wikipedia URL for Q35657
      ---
      duration_ms: 2.649086
      ...
    # Subtest: uses Wikipedia links by default in Translate output
    ok 2 - uses Wikipedia links by default in Translate output
      ---
      duration_ms: 13.629466
      ...
    # Subtest: prefers a live target-language Wikipedia sitelink over a local concept URL
    ok 3 - prefers a live target-language Wikipedia sitelink over a local concept URL
      ---
      duration_ms: 9.809861
      ...
    # Subtest: defaults source priority to Wikipedia, Wikidata, Wiktionary, virtual overrides
    ok 4 - defaults source priority to Wikipedia, Wikidata, Wiktionary, virtual overrides
      ---
      duration_ms: 0.45505
      ...
    # Subtest: surfaces transitive broad contexts on word candidates
    ok 5 - surfaces transitive broad contexts on word candidates
      ---
      duration_ms: 0.706586
      ...
    1..5
ok 1 - issue 133 - Translate defaults and state links
  ---
  duration_ms: 28.60396
  type: 'suite'
  ...
1..1
# tests 5
# suites 1
# pass 5
# fail 0
# cancelled 0
# skipped 0
# todo 0
# duration_ms 155.9807
