TAP version 13
# Subtest: issue 133 - Translate defaults and state links
    # Subtest: keeps the source-backed Russian Wikipedia URL for Q35657
    ok 1 - keeps the source-backed Russian Wikipedia URL for Q35657
      ---
      duration_ms: 2.563078
      ...
    # Subtest: uses Wikipedia links by default in Translate output
    ok 2 - uses Wikipedia links by default in Translate output
      ---
      duration_ms: 16.416781
      ...
    # Subtest: prefers a live target-language Wikipedia sitelink over a local concept URL
    not ok 3 - prefers a live target-language Wikipedia sitelink over a local concept URL
      ---
      duration_ms: 3.872293
      location: '/tmp/gh-issue-solver-1780764862697/node_modules/test-anywhere/src/index.js:174:12'
      failureType: 'testCodeFailure'
      error: 'Expected "[Калифорния](https://www.wikidata.org/wiki/Q99 \\"Q99\\")" to contain "https://ru.wikipedia.org/wiki/%D0%9A%D0%B0%D0%BB%D0%B8%D1%84%D0%BE%D1%80%D0%BD%D0%B8%D1%8F"'
      code: 'ERR_TEST_FAILURE'
      stack: |-
        Object.toContain (file:///tmp/gh-issue-solver-1780764862697/node_modules/test-anywhere/src/index.js:566:15)
        TestContext.<anonymous> (file:///tmp/gh-issue-solver-1780764862697/js/tests/integration/issue-133.test.js:122:29)
        async Test.run (node:internal/test_runner/test:797:9)
        async Suite.processPendingSubtests (node:internal/test_runner/test:526:7)
      ...
    # Subtest: defaults source priority to Wikipedia, Wikidata, Wiktionary, virtual overrides
    ok 4 - defaults source priority to Wikipedia, Wikidata, Wiktionary, virtual overrides
      ---
      duration_ms: 0.384764
      ...
    # Subtest: surfaces transitive broad contexts on word candidates
    ok 5 - surfaces transitive broad contexts on word candidates
      ---
      duration_ms: 0.74966
      ...
    1..5
not ok 1 - issue 133 - Translate defaults and state links
  ---
  duration_ms: 25.153471
  type: 'suite'
  location: '/tmp/gh-issue-solver-1780764862697/node_modules/test-anywhere/src/index.js:205:12'
  failureType: 'subtestsFailed'
  error: '1 subtest failed'
  code: 'ERR_TEST_FAILURE'
  ...
1..1
# tests 5
# suites 1
# pass 4
# fail 1
# cancelled 0
# skipped 0
# todo 0
# duration_ms 145.206442
