Checking that all .mjs files are under 1500 lines...
./scripts/instant-version-bump.mjs: 172 lines
./scripts/check-web-archive.mjs: 263 lines
./scripts/create-manual-changeset.mjs: 89 lines
./scripts/version-and-commit.mjs: 284 lines
./scripts/create-github-release.mjs: 100 lines
./scripts/format-release-notes.mjs: 219 lines
./scripts/publish-to-npm.mjs: 302 lines
./scripts/format-github-release.mjs: 90 lines
./scripts/check-release-needed.mjs: 128 lines
./scripts/check-version.mjs: 129 lines
./scripts/validate-changeset.mjs: 265 lines
./scripts/changeset-version.mjs: 75 lines
./scripts/setup-npm.mjs: 118 lines
./scripts/check-changesets.mjs: 67 lines
./scripts/detect-code-changes.mjs: 163 lines
./scripts/generate-formalize-docs.mjs: 254 lines
./scripts/merge-changesets.mjs: 263 lines
./scripts/js-paths.mjs: 177 lines
./experiments/test-changeset-scripts.mjs: 303 lines
./experiments/probe-fixtures.mjs: 42 lines
./experiments/test-format-no-hash.mjs: 43 lines
./experiments/test-check-release-needed.mjs: 104 lines
./experiments/test-failure-detection.mjs: 143 lines
./experiments/cache-roundtrip.mjs: 30 lines
./experiments/test-format-patch-changes.mjs: 46 lines
./experiments/test-format-major-changes.mjs: 49 lines
./experiments/test-detect-changes.mjs: 178 lines
./experiments/lino-roundtrip.mjs: 50 lines
./experiments/doublets-roundtrip.mjs: 31 lines
./experiments/test-format-minor-changes.mjs: 52 lines

Checking that .github/workflows/release.yml is under 1500 lines...
.github/workflows/release.yml: 644 lines

All checked files are within the 1500 line limit!
