TAP version 13
# Subtest: issue 35 — Hawaii translation through semantic phrases
    # Subtest: identifies Wikimedia calls, rejects grammar-fragment n-grams, and emits Russian
    not ok 1 - identifies Wikimedia calls, rejects grammar-fragment n-grams, and emits Russian
      ---
      duration_ms: 10.330758
      location: '/tmp/gh-issue-solver-1779453061125/node_modules/test-anywhere/src/index.js:174:12'
      failureType: 'testCodeFailure'
      error: 'Expected "государство" to be "штат"'
      code: 'ERR_TEST_FAILURE'
      stack: |-
        Object.toBe (file:///tmp/gh-issue-solver-1779453061125/node_modules/test-anywhere/src/index.js:391:15)
        TestContext.<anonymous> (file:///tmp/gh-issue-solver-1779453061125/tests/issue-35.test.js:204:42)
        async Test.run (node:internal/test_runner/test:797:9)
        async Promise.all (index 0)
        async Suite.run (node:internal/test_runner/test:1135:7)
        async Test.processPendingSubtests (node:internal/test_runner/test:526:7)
      ...
    # Subtest: round-trips the fixed sentence through Russian without semantic loss
    ok 2 - round-trips the fixed sentence through Russian without semantic loss
      ---
      duration_ms: 3.429032
      ...
    # Subtest: prefers the Wikidata state concept over a Wikipedia disambiguation page
    ok 3 - prefers the Wikidata state concept over a Wikipedia disambiguation page
      ---
      duration_ms: 1.778446
      ...
    1..3
not ok 1 - issue 35 — Hawaii translation through semantic phrases
  ---
  duration_ms: 16.633532
  type: 'suite'
  location: '/tmp/gh-issue-solver-1779453061125/node_modules/test-anywhere/src/index.js:205:12'
  failureType: 'subtestsFailed'
  error: '1 subtest failed'
  code: 'ERR_TEST_FAILURE'
  ...
1..1
# tests 3
# suites 1
# pass 2
# fail 1
# cancelled 0
# skipped 0
# todo 0
# duration_ms 103.598301
