TAP version 13
# Subtest: issue 35 — Hawaii translation through semantic phrases
    # Subtest: identifies Wikimedia calls, rejects grammar-fragment n-grams, and emits Russian
    ok 1 - identifies Wikimedia calls, rejects grammar-fragment n-grams, and emits Russian
      ---
      duration_ms: 10.17696
      ...
    # Subtest: round-trips the fixed sentence through Russian without semantic loss
    ok 2 - round-trips the fixed sentence through Russian without semantic loss
      ---
      duration_ms: 4.363256
      ...
    # Subtest: prefers the Wikidata state concept over a Wikipedia disambiguation page
    ok 3 - prefers the Wikidata state concept over a Wikipedia disambiguation page
      ---
      duration_ms: 2.194468
      ...
    1..3
ok 1 - issue 35 — Hawaii translation through semantic phrases
  ---
  duration_ms: 17.797281
  type: 'suite'
  ...
1..1
# tests 3
# suites 1
# pass 3
# fail 0
# cancelled 0
# skipped 0
# todo 0
# duration_ms 103.835856
