    Checking libc v0.2.186
    Checking num-traits v0.2.19
    Checking cfg-if v1.0.4
    Checking bitflags v2.11.1
    Checking linux-raw-sys v0.12.1
    Checking thiserror v2.0.18
    Checking once_cell v1.21.4
    Checking fastrand v2.4.1
    Checking beef v0.5.2
    Checking allocator-api2 v0.4.0
    Checking leak_slice v0.2.0
    Checking tap v1.0.1
    Checking rustix v1.1.4
    Checking platform-num v0.8.0
    Checking platform-data v2.0.0
    Checking platform-trees v0.3.4
    Checking getrandom v0.4.2
    Checking memmap2 v0.9.10
    Checking tempfile v3.27.0
    Checking platform-mem v0.3.0
    Checking doublets v0.3.0
    Checking meta-expression-core v0.1.0 (/tmp/gh-issue-solver-1779545150366/rust)
    Finished `dev` profile [unoptimized + debuginfo] target(s) in 2.18s
