    Blocking waiting for file lock on package cache
    Blocking waiting for file lock on package cache
   Compiling proc-macro2 v1.0.106
   Compiling unicode-ident v1.0.24
   Compiling quote v1.0.45
   Compiling autocfg v1.5.0
   Compiling libc v0.2.186
   Compiling rustix v1.1.4
   Compiling getrandom v0.4.2
   Compiling thiserror v2.0.18
   Compiling cfg-if v1.0.4
   Compiling bitflags v2.11.1
   Compiling num-traits v0.2.19
   Compiling linux-raw-sys v0.12.1
   Compiling fastrand v2.4.1
   Compiling once_cell v1.21.4
   Compiling beef v0.5.2
   Compiling syn v2.0.117
   Compiling allocator-api2 v0.4.0
   Compiling tap v1.0.1
   Compiling leak_slice v0.2.0
   Compiling platform-num v0.8.0
   Compiling memmap2 v0.9.10
   Compiling platform-trees v0.3.4
   Compiling tempfile v3.27.0
   Compiling thiserror-impl v2.0.18
   Compiling platform-mem v0.3.0
   Compiling platform-data v2.0.0
   Compiling doublets v0.3.0
   Compiling meta-expression-core v0.1.0 (/tmp/gh-issue-solver-1779545150366/rust)
    Finished `release` profile [optimized] target(s) in 4.54s
