TAP version 13
# Subtest: issue 16 — formalize CST for translation
    # Subtest: emits a CST that can regenerate formalize Markdown
    ok 1 - emits a CST that can regenerate formalize Markdown
      ---
      duration_ms: 4.831796
      ...
    1..1
ok 1 - issue 16 — formalize CST for translation
  ---
  duration_ms: 5.756788
  type: 'suite'
  ...
# Subtest: issue 16 — translate through formalized Wikidata labels
    # Subtest: translates linked phrases with target-language labels and links
    ok 1 - translates linked phrases with target-language labels and links
      ---
      duration_ms: 4.103278
      ...
    # Subtest: translates full sentences and records formalization plus rule steps
    ok 2 - translates full sentences and records formalization plus rule steps
      ---
      duration_ms: 3.928447
      ...
    # Subtest: keeps unresolved parts as variables with clarifying questions
    ok 3 - keeps unresolved parts as variables with clarifying questions
      ---
      duration_ms: 0.839804
      ...
    1..3
ok 2 - issue 16 — translate through formalized Wikidata labels
  ---
  duration_ms: 9.144107
  type: 'suite'
  ...
# Subtest: issue 16 — CLI and HTTP translate surfaces
    # Subtest: parses translate-specific flags
    ok 1 - parses translate-specific flags
      ---
      duration_ms: 0.327038
      ...
    # Subtest: runs the translate command as Markdown
    ok 2 - runs the translate command as Markdown
      ---
      duration_ms: 1.489284
      ...
    # Subtest: serves POST /translate
    ok 3 - serves POST /translate
      ---
      duration_ms: 59.653535
      ...
    1..3
ok 3 - issue 16 — CLI and HTTP translate surfaces
  ---
  duration_ms: 61.856444
  type: 'suite'
  ...
# Subtest: issue 16 — web translate surface
    # Subtest: adds a translated workspace to the static web app
    ok 1 - adds a translated workspace to the static web app
      ---
      duration_ms: 8.263372
      ...
    1..1
ok 4 - issue 16 — web translate surface
  ---
  duration_ms: 8.546755
  type: 'suite'
  ...
# Subtest: issue 43 - translation quality assessment helpers
    # Subtest: extracts a first statement from a multi-paragraph extract
    ok 1 - extracts a first statement from a multi-paragraph extract
      ---
      duration_ms: 1.162416
      ...
    # Subtest: drops parenthetical Latin and Cyrillic asides from leading sentences
    ok 2 - drops parenthetical Latin and Cyrillic asides from leading sentences
      ---
      duration_ms: 0.295722
      ...
    # Subtest: returns an empty string when the extract is blank or whitespace
    ok 3 - returns an empty string when the extract is blank or whitespace
      ---
      duration_ms: 0.172578
      ...
    # Subtest: tokenizes Unicode-aware content tokens and drops stop words
    ok 4 - tokenizes Unicode-aware content tokens and drops stop words
      ---
      duration_ms: 3.052359
      ...
    # Subtest: computes token coverage as the fraction of unique tokens that overlap
    ok 5 - computes token coverage as the fraction of unique tokens that overlap
      ---
      duration_ms: 0.537384
      ...
    # Subtest: reports zero coverage for completely disjoint texts
    ok 6 - reports zero coverage for completely disjoint texts
      ---
      duration_ms: 0.183815
      ...
    # Subtest: normalizes statement keys by collapsing whitespace and trailing punctuation
    ok 7 - normalizes statement keys by collapsing whitespace and trailing punctuation
      ---
      duration_ms: 0.206088
      ...
    # Subtest: selects the two largest language versions from a fixture-style entry
    ok 8 - selects the two largest language versions from a fixture-style entry
      ---
      duration_ms: 0.259248
      ...
    1..8
ok 5 - issue 43 - translation quality assessment helpers
  ---
  duration_ms: 7.253264
  type: 'suite'
  ...
# Subtest: issue 43 - assessArticleTranslation status routing
    # Subtest: returns no-statement when the source extract is empty
    ok 1 - returns no-statement when the source extract is empty
      ---
      duration_ms: 0.362651
      ...
    # Subtest: uses a curated translation-fix when the source statement matches
    ok 2 - uses a curated translation-fix when the source statement matches
      ---
      duration_ms: 0.300439
      ...
    # Subtest: marks a source statement as skipped when it is on the skip list
    ok 3 - marks a source statement as skipped when it is on the skip list
      ---
      duration_ms: 0.269442
      ...
    # Subtest: matches when the translated tokens cover the target extract
    ok 4 - matches when the translated tokens cover the target extract
      ---
      duration_ms: 9.860897
      ...
    # Subtest: promotes round-trip-stable translations to fix-suggested
    ok 5 - promotes round-trip-stable translations to fix-suggested
      ---
      duration_ms: 6.631385
      ...
    1..5
ok 6 - issue 43 - assessArticleTranslation status routing
  ---
  duration_ms: 17.755548
  type: 'suite'
  ...
# Subtest: issue 43 - Wikipedia top-views integration test
    # Subtest: passes the quality bar for every captured article
    ok 1 - passes the quality bar for every captured article
      ---
      duration_ms: 20.964372
      ...
    # Subtest: uses the formalize → semantic meta language → naturalize pipeline for every assessed statement
    ok 2 - uses the formalize → semantic meta language → naturalize pipeline for every assessed statement
      ---
      duration_ms: 22.391412
      ...
    # Subtest: summarises results into per-status counts and exposes failures
    ok 3 - summarises results into per-status counts and exposes failures
      ---
      duration_ms: 0.323163
      ...
    # Subtest: captures a top-10 fixture for April 2026 with two language versions per article
    ok 4 - captures a top-10 fixture for April 2026 with two language versions per article
      ---
      duration_ms: 1.924355
      ...
    # Subtest: exposes the assessment as a translation-quality CLI command
    ok 5 - exposes the assessment as a translation-quality CLI command
      ---
      duration_ms: 4.045893
      ...
    # Subtest: exits non-zero from the CLI when any article fails
    ok 6 - exits non-zero from the CLI when any article fails
      ---
      duration_ms: 0.237976
      ...
    # Subtest: keeps every skip-list entry referenced by a captured article statement
    ok 7 - keeps every skip-list entry referenced by a captured article statement
      ---
      duration_ms: 3.360269
      ...
    1..7
ok 7 - issue 43 - Wikipedia top-views integration test
  ---
  duration_ms: 53.907242
  type: 'suite'
  ...
# Subtest: issue 35 — Hawaii translation through semantic phrases
    # Subtest: identifies Wikimedia calls, rejects grammar-fragment n-grams, and emits Russian
    ok 1 - identifies Wikimedia calls, rejects grammar-fragment n-grams, and emits Russian
      ---
      duration_ms: 15.737444
      ...
    # Subtest: round-trips the fixed sentence through Russian without semantic loss
    not ok 2 - round-trips the fixed sentence through Russian without semantic loss
      ---
      duration_ms: 7.091411
      location: '/tmp/gh-issue-solver-1779545150366/node_modules/test-anywhere/src/index.js:174:12'
      failureType: 'testCodeFailure'
      error: 'Expected false to be true'
      code: 'ERR_TEST_FAILURE'
      stack: |-
        Object.toBe (file:///tmp/gh-issue-solver-1779545150366/node_modules/test-anywhere/src/index.js:391:15)
        assertTargetNaturalizationCoverage (file:///tmp/gh-issue-solver-1779545150366/js/tests/helpers/translation-coverage.js:58:42)
        assertCompleteTranslationCoverage (file:///tmp/gh-issue-solver-1779545150366/js/tests/helpers/translation-coverage.js:6:3)
        TestContext.<anonymous> (file:///tmp/gh-issue-solver-1779545150366/js/tests/integration/issue-35.test.js:245:5)
        async Test.run (node:internal/test_runner/test:797:9)
        async Suite.processPendingSubtests (node:internal/test_runner/test:526:7)
      ...
    # Subtest: prefers the Wikidata state concept over a Wikipedia disambiguation page
    ok 3 - prefers the Wikidata state concept over a Wikipedia disambiguation page
      ---
      duration_ms: 3.543433
      ...
    1..3
not ok 8 - issue 35 — Hawaii translation through semantic phrases
  ---
  duration_ms: 27.668143
  type: 'suite'
  location: '/tmp/gh-issue-solver-1779545150366/node_modules/test-anywhere/src/index.js:205:12'
  failureType: 'subtestsFailed'
  error: '1 subtest failed'
  code: 'ERR_TEST_FAILURE'
  ...
# Subtest: issue 37 - bounded page issue reports
    # Subtest: keeps essential Translate sections while omitting oversized diagnostics
    ok 1 - keeps essential Translate sections while omitting oversized diagnostics
      ---
      duration_ms: 7.600301
      ...
    1..1
ok 9 - issue 37 - bounded page issue reports
  ---
  duration_ms: 8.515378
  type: 'suite'
  ...
# Subtest: issue 37 - Wiktionary grammar compounds
    # Subtest: prefers the exact Wiktionary compound over separate stop words
    ok 1 - prefers the exact Wiktionary compound over separate stop words
      ---
      duration_ms: 4.997083
      ...
    # Subtest: translates a linked `is a` grammar phrase to linked Russian `это`
    ok 2 - translates a linked `is a` grammar phrase to linked Russian `это`
      ---
      duration_ms: 9.421872
      ...
    1..2
ok 10 - issue 37 - Wiktionary grammar compounds
  ---
  duration_ms: 14.828016
  type: 'suite'
  ...
# Subtest: issue 39 - technical sentence translation
    # Subtest: uses contextual glossary and Russian grammar rules for the reported text
    ok 1 - uses contextual glossary and Russian grammar rules for the reported text
      ---
      duration_ms: 29.364125
      ...
    # Subtest: does not let formalized phrases cross sentence boundaries
    ok 2 - does not let formalized phrases cross sentence boundaries
      ---
      duration_ms: 14.739894
      ...
    # Subtest: keeps a strict semantic-label strategy for traceable fallback behavior
    ok 3 - keeps a strict semantic-label strategy for traceable fallback behavior
      ---
      duration_ms: 8.362439
      ...
    # Subtest: returns structured answer options for unresolved translation questions
    ok 4 - returns structured answer options for unresolved translation questions
      ---
      duration_ms: 1.184999
      ...
    # Subtest: exposes translation strategies and prepared Translate examples in the web app
    ok 5 - exposes translation strategies and prepared Translate examples in the web app
      ---
      duration_ms: 14.247249
      ...
    1..5
ok 11 - issue 39 - technical sentence translation
  ---
  duration_ms: 69.256907
  type: 'suite'
  ...
# Subtest: issue 41 - Russian translate fallback
    # Subtest: translates the reported Russian phrase through lexical glossary entries
    ok 1 - translates the reported Russian phrase through lexical glossary entries
      ---
      duration_ms: 9.848499
      ...
    # Subtest: does not translate unrelated full-text search hits as phrase meanings
    ok 2 - does not translate unrelated full-text search hits as phrase meanings
      ---
      duration_ms: 5.685771
      ...
    # Subtest: exposes semantic meta language before naturalizing the target text
    ok 3 - exposes semantic meta language before naturalizing the target text
      ---
      duration_ms: 3.167281
      ...
    # Subtest: supports ten more Translate examples through reusable glossary naturalization
    ok 4 - supports ten more Translate examples through reusable glossary naturalization
      ---
      duration_ms: 12.900757
      ...
    # Subtest: exposes the reported phrase as a Translate sample
    ok 5 - exposes the reported phrase as a Translate sample
      ---
      duration_ms: 8.046288
      ...
    1..5
ok 12 - issue 41 - Russian translate fallback
  ---
  duration_ms: 40.871232
  type: 'suite'
  ...
# Subtest: issue 48 - complete formalize -> semantic -> naturalize coverage
    # Subtest: formalizes and naturalizes every word from issue 45
    ok 1 - formalizes and naturalizes every word from issue 45
      ---
      duration_ms: 12.772046
      ...
    # Subtest: keeps issue 45 stable through a round trip
    ok 2 - keeps issue 45 stable through a round trip
      ---
      duration_ms: 8.954764
      ...
    # Subtest: formalizes and naturalizes every word from issue 46
    ok 3 - formalizes and naturalizes every word from issue 46
      ---
      duration_ms: 1.488423
      ...
    # Subtest: keeps issue 46 stable through a round trip
    ok 4 - keeps issue 46 stable through a round trip
      ---
      duration_ms: 2.406585
      ...
    # Subtest: formalizes and naturalizes every word from issue 47
    ok 5 - formalizes and naturalizes every word from issue 47
      ---
      duration_ms: 1.420993
      ...
    # Subtest: keeps issue 47 stable through a round trip
    ok 6 - keeps issue 47 stable through a round trip
      ---
      duration_ms: 3.94923
      ...
    1..6
ok 13 - issue 48 - complete formalize -> semantic -> naturalize coverage
  ---
  duration_ms: 32.313581
  type: 'suite'
  ...
1..13
# tests 50
# suites 13
# pass 49
# fail 1
# cancelled 0
# skipped 0
# todo 0
# duration_ms 268.510929
