TAP version 13
# Subtest: issue 37 - bounded page issue reports
    # Subtest: keeps essential Translate sections while omitting oversized diagnostics
    ok 1 - keeps essential Translate sections while omitting oversized diagnostics
      ---
      duration_ms: 6.541159
      ...
    1..1
ok 1 - issue 37 - bounded page issue reports
  ---
  duration_ms: 7.474173
  type: 'suite'
  ...
# Subtest: issue 37 - Wiktionary grammar compounds
    # Subtest: prefers the exact Wiktionary compound over separate stop words
    ok 1 - prefers the exact Wiktionary compound over separate stop words
      ---
      duration_ms: 4.819244
      ...
    # Subtest: translates a linked `is a` grammar phrase to linked Russian `это`
    ok 2 - translates a linked `is a` grammar phrase to linked Russian `это`
      ---
      duration_ms: 4.879145
      ...
    1..2
ok 2 - issue 37 - Wiktionary grammar compounds
  ---
  duration_ms: 10.174279
  type: 'suite'
  ...
1..2
# tests 3
# suites 2
# pass 3
# fail 0
# cancelled 0
# skipped 0
# todo 0
# duration_ms 105.662627
