TAP version 13
# Subtest: issue 41 - Russian translate fallback
    # Subtest: translates the reported Russian phrase through lexical glossary entries
    ok 1 - translates the reported Russian phrase through lexical glossary entries
      ---
      duration_ms: 10.52989
      ...
    # Subtest: does not translate unrelated full-text search hits as phrase meanings
    ok 2 - does not translate unrelated full-text search hits as phrase meanings
      ---
      duration_ms: 5.031352
      ...
    # Subtest: exposes semantic meta language before naturalizing the target text
    ok 3 - exposes semantic meta language before naturalizing the target text
      ---
      duration_ms: 3.965701
      ...
    # Subtest: supports ten more Translate examples through reusable glossary naturalization
    ok 4 - supports ten more Translate examples through reusable glossary naturalization
      ---
      duration_ms: 15.692989
      ...
    # Subtest: exposes the reported phrase as a Translate sample
    ok 5 - exposes the reported phrase as a Translate sample
      ---
      duration_ms: 13.281861
      ...
    1..5
ok 1 - issue 41 - Russian translate fallback
  ---
  duration_ms: 50.04009
  type: 'suite'
  ...
1..1
# tests 5
# suites 1
# pass 5
# fail 0
# cancelled 0
# skipped 0
# todo 0
# duration_ms 129.213475
